.\maven-dist\apache-maven
-3.9.6\bin\mvn.cmd : 
WARNING: A restricted 
method in 
java.lang.System has 
been called
At line:1 char:1
+ .\maven-dist\apache-mav
en-3.9.6\bin\mvn.cmd 
spring-boot:run 2>&1 > 
d: ...
+ ~~~~~~~~~~~~~~~~~~~~~~~
~~~~~~~~~~~~~~~~~~~~~~~~~
~~~~~~~~~~~~~~~~~~~~~
    + CategoryInfo       
       : NotSpecified:   
  (WARNING: A rest...h   
 as been called:Strin    
g) [], RemoteExcepti    
on
    + FullyQualifiedErro 
   rId : NativeCommandE  
  rror
 
WARNING: 
java.lang.System::load 
has been called by org.fu
sesource.jansi.internal.J
ansiLoader in an unnamed 
module (file:/D:/StockLap
/stocklab-backend/maven-d
ist/apache-maven-3.9.6/li
b/jansi-2.4.0.jar)
WARNING: Use --enable-nat
ive-access=ALL-UNNAMED 
to avoid a warning for 
callers in this module
WARNING: Restricted 
methods will be blocked 
in a future release 
unless native access is 
enabled

WARNING: A terminally 
deprecated method in 
sun.misc.Unsafe has been 
called
WARNING: sun.misc.Unsafe:
:objectFieldOffset has 
been called by com.google
.common.util.concurrent.A
bstractFuture$UnsafeAtomi
cHelper (file:/D:/StockLa
p/stocklab-backend/maven-
dist/apache-maven-3.9.6/l
ib/guava-32.0.1-jre.jar)
WARNING: Please consider 
reporting this to the 
maintainers of class com.
google.common.util.concur
rent.AbstractFuture$Unsaf
eAtomicHelper
WARNING: sun.misc.Unsafe:
:objectFieldOffset will 
be removed in a future 
release
[INFO] Scanning for projects...
[INFO] 
[INFO] -------------------< com.stocklab:stocklab-backend >--------------------
[INFO] Building stocklab-backend 0.0.1-SNAPSHOT
[INFO]   from pom.xml
[INFO] --------------------------------[ jar ]---------------------------------
[INFO] 
[INFO] >>> spring-boot:3.2.5:run (default-cli) > test-compile @ stocklab-backend >>>
[INFO] 
[INFO] --- resources:3.3.1:resources (default-resources) @ stocklab-backend ---
[INFO] Copying 1 resource from src\main\resources to target\classes
[INFO] Copying 0 resource from src\main\resources to target\classes
[INFO] 
[INFO] --- compiler:3.11.0:compile (default-compile) @ stocklab-backend ---
[INFO] Nothing to compile - all classes are up to date
[INFO] 
[INFO] --- resources:3.3.1:testResources (default-testResources) @ stocklab-backend ---
[INFO] skip non existing resourceDirectory D:\StockLap\stocklab-backend\src\test\resources
[INFO] 
[INFO] --- compiler:3.11.0:testCompile (default-testCompile) @ stocklab-backend ---
[INFO] Nothing to compile - all classes are up to date
[INFO] 
[INFO] <<< spring-boot:3.2.5:run (default-cli) < test-compile @ stocklab-backend <<<
[INFO] 
[INFO] 
[INFO] --- spring-boot:3.2.5:run (default-cli) @ stocklab-backend ---
[INFO] Attaching agents: []

  .   ____          _            __ _ _
 /\\ / ___'_ __ _ _(_)_ __  __ _ \ \ \ \
( ( )\___ | '_ | '_| | '_ \/ _` | \ \ \ \
 \\/  ___)| |_)| | | | | || (_| |  ) ) ) )
  '  |____| .__|_| |_|_| |_\__, | / / / /
 =========|_|==============|___/=/_/_/_/
 :: Spring Boot ::                (v3.2.5)

2026-03-25T20:10:42.016+07:00  INFO 5232 --- [  restartedMain] com.stocklab.StocklabApplication         : Starting StocklabApplication using Java 25.0.2 with PID 5232 (D:\StockLap\stocklab-backend\target\classes started by ROG Zephyrus GA401IV in D:\StockLap\stocklab-backend)
2026-03-25T20:10:42.018+07:00  INFO 5232 --- [  restartedMain] com.stocklab.StocklabApplication         : No active profile set, falling back to 1 default profile: "default"
2026-03-25T20:10:42.064+07:00  INFO 5232 --- [  restartedMain] .e.DevToolsPropertyDefaultsPostProcessor : Devtools property defaults active! Set 'spring.devtools.add-properties' to 'false' to disable
2026-03-25T20:10:42.064+07:00  INFO 5232 --- [  restartedMain] .e.DevToolsPropertyDefaultsPostProcessor : For additional web related logging consider setting the 'logging.level.web' property to 'DEBUG'
2026-03-25T20:10:42.921+07:00  INFO 5232 --- [  restartedMain] .s.d.r.c.RepositoryConfigurationDelegate : Multiple Spring Data modules found, entering strict repository configuration mode
2026-03-25T20:10:42.922+07:00  INFO 5232 --- [  restartedMain] .s.d.r.c.RepositoryConfigurationDelegate : Bootstrapping Spring Data JPA repositories in DEFAULT mode.
2026-03-25T20:10:43.068+07:00  INFO 5232 --- [  restartedMain] .s.d.r.c.RepositoryConfigurationDelegate : Finished Spring Data repository scanning in 138 ms. Found 8 JPA repository interfaces.
2026-03-25T20:10:43.091+07:00  INFO 5232 --- [  restartedMain] .s.d.r.c.RepositoryConfigurationDelegate : Multiple Spring Data modules found, entering strict repository configuration mode
2026-03-25T20:10:43.092+07:00  INFO 5232 --- [  restartedMain] .s.d.r.c.RepositoryConfigurationDelegate : Bootstrapping Spring Data Redis repositories in DEFAULT mode.
2026-03-25T20:10:43.109+07:00  INFO 5232 --- [  restartedMain] .RepositoryConfigurationExtensionSupport : Spring Data Redis - Could not safely identify store assignment for repository candidate interface com.stocklab.repository.ConditionalOrderRepository; If you want this repository to be a Redis repository, consider annotating your entities with one of these annotations: org.springframework.data.redis.core.RedisHash (preferred), or consider extending one of the following types with your repository: org.springframework.data.keyvalue.repository.KeyValueRepository
2026-03-25T20:10:43.111+07:00  INFO 5232 --- [  restartedMain] .RepositoryConfigurationExtensionSupport : Spring Data Redis - Could not safely identify store assignment for repository candidate interface com.stocklab.repository.OrderRepository; If you want this repository to be a Redis repository, consider annotating your entities with one of these annotations: org.springframework.data.redis.core.RedisHash (preferred), or consider extending one of the following types with your repository: org.springframework.data.keyvalue.repository.KeyValueRepository
2026-03-25T20:10:43.113+07:00  INFO 5232 --- [  restartedMain] .RepositoryConfigurationExtensionSupport : Spring Data Redis - Could not safely identify store assignment for repository candidate interface com.stocklab.repository.PortfolioRepository; If you want this repository to be a Redis repository, consider annotating your entities with one of these annotations: org.springframework.data.redis.core.RedisHash (preferred), or consider extending one of the following types with your repository: org.springframework.data.keyvalue.repository.KeyValueRepository
2026-03-25T20:10:43.114+07:00  INFO 5232 --- [  restartedMain] .RepositoryConfigurationExtensionSupport : Spring Data Redis - Could not safely identify store assignment for repository candidate interface com.stocklab.repository.StockPriceHistoryRepository; If you want this repository to be a Redis repository, consider annotating your entities with one of these annotations: org.springframework.data.redis.core.RedisHash (preferred), or consider extending one of the following types with your repository: org.springframework.data.keyvalue.repository.KeyValueRepository
2026-03-25T20:10:43.114+07:00  INFO 5232 --- [  restartedMain] .RepositoryConfigurationExtensionSupport : Spring Data Redis - Could not safely identify store assignment for repository candidate interface com.stocklab.repository.StockRepository; If you want this repository to be a Redis repository, consider annotating your entities with one of these annotations: org.springframework.data.redis.core.RedisHash (preferred), or consider extending one of the following types with your repository: org.springframework.data.keyvalue.repository.KeyValueRepository
2026-03-25T20:10:43.114+07:00  INFO 5232 --- [  restartedMain] .RepositoryConfigurationExtensionSupport : Spring Data Redis - Could not safely identify store assignment for repository candidate interface com.stocklab.repository.TransactionRepository; If you want this repository to be a Redis repository, consider annotating your entities with one of these annotations: org.springframework.data.redis.core.RedisHash (preferred), or consider extending one of the following types with your repository: org.springframework.data.keyvalue.repository.KeyValueRepository
2026-03-25T20:10:43.115+07:00  INFO 5232 --- [  restartedMain] .RepositoryConfigurationExtensionSupport : Spring Data Redis - Could not safely identify store assignment for repository candidate interface com.stocklab.repository.UserRepository; If you want this repository to be a Redis repository, consider annotating your entities with one of these annotations: org.springframework.data.redis.core.RedisHash (preferred), or consider extending one of the following types with your repository: org.springframework.data.keyvalue.repository.KeyValueRepository
2026-03-25T20:10:43.115+07:00  INFO 5232 --- [  restartedMain] .RepositoryConfigurationExtensionSupport : Spring Data Redis - Could not safely identify store assignment for repository candidate interface com.stocklab.repository.WatchlistRepository; If you want this repository to be a Redis repository, consider annotating your entities with one of these annotations: org.springframework.data.redis.core.RedisHash (preferred), or consider extending one of the following types with your repository: org.springframework.data.keyvalue.repository.KeyValueRepository
2026-03-25T20:10:43.115+07:00  INFO 5232 --- [  restartedMain] .s.d.r.c.RepositoryConfigurationDelegate : Finished Spring Data repository scanning in 14 ms. Found 0 Redis repository interfaces.
WARNING: A restricted method in java.lang.System has been called
WARNING: java.lang.System::load has been called by org.apache.tomcat.jni.Library in an unnamed module (file:/C:/Users/ROG%20Zephyrus%20GA401IV/.m2/repository/org/apache/tomcat/embed/tomcat-embed-core/10.1.20/tomcat-embed-core-10.1.20.jar)
WARNING: Use --enable-native-access=ALL-UNNAMED to avoid a warning for callers in this module
WARNING: Restricted methods will be blocked in a future release unless native access is enabled

2026-03-25T20:10:43.785+07:00  INFO 5232 --- [  restartedMain] o.s.b.w.embedded.tomcat.TomcatWebServer  : Tomcat initialized with port 8080 (http)
2026-03-25T20:10:43.798+07:00  INFO 5232 --- [  restartedMain] o.apache.catalina.core.StandardService   : Starting service [Tomcat]
2026-03-25T20:10:43.799+07:00  INFO 5232 --- [  restartedMain] o.apache.catalina.core.StandardEngine    : Starting Servlet engine: [Apache Tomcat/10.1.20]
2026-03-25T20:10:43.852+07:00  INFO 5232 --- [  restartedMain] o.a.c.c.C.[Tomcat].[localhost].[/]       : Initializing Spring embedded WebApplicationContext
2026-03-25T20:10:43.852+07:00  INFO 5232 --- [  restartedMain] w.s.c.ServletWebServerApplicationContext : Root WebApplicationContext: initialization completed in 1787 ms
2026-03-25T20:10:43.985+07:00  INFO 5232 --- [  restartedMain] o.hibernate.jpa.internal.util.LogHelper  : HHH000204: Processing PersistenceUnitInfo [name: default]
2026-03-25T20:10:44.026+07:00  INFO 5232 --- [  restartedMain] org.hibernate.Version                    : HHH000412: Hibernate ORM core version 6.4.4.Final
2026-03-25T20:10:44.055+07:00  INFO 5232 --- [  restartedMain] o.h.c.internal.RegionFactoryInitiator    : HHH000026: Second-level cache disabled
2026-03-25T20:10:44.352+07:00  INFO 5232 --- [  restartedMain] o.s.o.j.p.SpringPersistenceUnitInfo      : No LoadTimeWeaver setup: ignoring JPA class transformer
2026-03-25T20:10:44.374+07:00  INFO 5232 --- [  restartedMain] com.zaxxer.hikari.HikariDataSource       : HikariPool-1 - Starting...
2026-03-25T20:10:44.496+07:00  INFO 5232 --- [  restartedMain] com.zaxxer.hikari.pool.HikariPool        : HikariPool-1 - Added connection com.mysql.cj.jdbc.ConnectionImpl@240399b4
2026-03-25T20:10:44.500+07:00  INFO 5232 --- [  restartedMain] com.zaxxer.hikari.HikariDataSource       : HikariPool-1 - Start completed.
2026-03-25T20:10:44.541+07:00  WARN 5232 --- [  restartedMain] org.hibernate.orm.deprecation            : HHH90000025: MySQLDialect does not need to be specified explicitly using 'hibernate.dialect' (remove the property setting and it will be selected by default)
2026-03-25T20:10:45.483+07:00  INFO 5232 --- [  restartedMain] o.h.e.t.j.p.i.JtaPlatformInitiator       : HHH000489: No JTA platform available (set 'hibernate.transaction.jta.platform' to enable JTA platform integration)
2026-03-25T20:10:45.616+07:00  INFO 5232 --- [  restartedMain] j.LocalContainerEntityManagerFactoryBean : Initialized JPA EntityManagerFactory for persistence unit 'default'
2026-03-25T20:10:45.898+07:00  INFO 5232 --- [  restartedMain] o.s.d.j.r.query.QueryEnhancerFactory     : Hibernate is in classpath; If applicable, HQL parser will be used.
WARNING: A terminally deprecated method in sun.misc.Unsafe has been called
WARNING: sun.misc.Unsafe::objectFieldOffset has been called by io.netty.util.internal.PlatformDependent0$4 (file:/C:/Users/ROG%20Zephyrus%20GA401IV/.m2/repository/io/netty/netty-common/4.1.109.Final/netty-common-4.1.109.Final.jar)
WARNING: Please consider reporting this to the maintainers of class io.netty.util.internal.PlatformDependent0$4
WARNING: sun.misc.Unsafe::objectFieldOffset will be removed in a future release
2026-03-25T20:10:46.993+07:00  WARN 5232 --- [  restartedMain] JpaBaseConfiguration$JpaWebConfiguration : spring.jpa.open-in-view is enabled by default. Therefore, database queries may be performed during view rendering. Explicitly configure spring.jpa.open-in-view to disable this warning
2026-03-25T20:10:47.376+07:00  INFO 5232 --- [  restartedMain] o.s.s.web.DefaultSecurityFilterChain     : Will secure any request with [org.springframework.security.web.session.DisableEncodeUrlFilter@3634b713, org.springframework.security.web.context.request.async.WebAsyncManagerIntegrationFilter@2f8fe90a, org.springframework.security.web.context.SecurityContextHolderFilter@63171da1, org.springframework.security.web.header.HeaderWriterFilter@5bcb490, org.springframework.web.filter.CorsFilter@418f9c19, org.springframework.security.web.authentication.logout.LogoutFilter@6a6cfdd1, com.stocklab.security.JwtAuthFilter@35dd190a, org.springframework.security.web.savedrequest.RequestCacheAwareFilter@575ec25, org.springframework.security.web.servletapi.SecurityContextHolderAwareRequestFilter@7d907df0, org.springframework.security.web.authentication.AnonymousAuthenticationFilter@15b4fbf7, org.springframework.security.web.session.SessionManagementFilter@686478cd, org.springframework.security.web.access.ExceptionTranslationFilter@4f88bfa7, org.springframework.security.web.access.intercept.AuthorizationFilter@3b34235]
2026-03-25T20:10:47.691+07:00  WARN 5232 --- [  restartedMain] o.s.b.d.a.OptionalLiveReloadServer       : Unable to start LiveReload server
2026-03-25T20:10:47.714+07:00  WARN 5232 --- [  restartedMain] ConfigServletWebServerApplicationContext : Exception encountered during context initialization - cancelling refresh attempt: org.springframework.context.ApplicationContextException: Failed to start bean 'webServerStartStop'
2026-03-25T20:10:47.724+07:00  INFO 5232 --- [  restartedMain] j.LocalContainerEntityManagerFactoryBean : Closing JPA EntityManagerFactory for persistence unit 'default'
2026-03-25T20:10:47.727+07:00  INFO 5232 --- [  restartedMain] com.zaxxer.hikari.HikariDataSource       : HikariPool-1 - Shutdown initiated...
2026-03-25T20:10:47.735+07:00  INFO 5232 --- [  restartedMain] com.zaxxer.hikari.HikariDataSource       : HikariPool-1 - Shutdown completed.
2026-03-25T20:10:47.746+07:00  INFO 5232 --- [  restartedMain] .s.b.a.l.ConditionEvaluationReportLogger : 

Error starting ApplicationContext. To display the condition evaluation report re-run your application with 'debug' enabled.
2026-03-25T20:10:47.767+07:00 ERROR 5232 --- [  restartedMain] o.s.b.d.LoggingFailureAnalysisReporter   : 

***************************
APPLICATION FAILED TO START
***************************

Description:

Web server failed to start. Port 8080 was already in use.

Action:

Identify and stop the process that's listening on port 8080 or configure this application to listen on another port.

[INFO] ------------------------------------------------------------------------
[INFO] BUILD FAILURE
[INFO] ------------------------------------------------------------------------
[INFO] Total time:  9.573 s
[INFO] Finished at: 2026-03-25T20:10:48+07:00
[INFO] ------------------------------------------------------------------------
[ERROR] Failed to execute goal org.springframework.boot:spring-boot-maven-plugin:3.2.5:run (default-cli) on project stocklab-backend: Process terminated with exit code: 1 -> [Help 1]
[ERROR] 
[ERROR] To see the full stack trace of the errors, re-run Maven with the -e switch.
[ERROR] Re-run Maven using the -X switch to enable full debug logging.
[ERROR] 
[ERROR] For more information about the errors and possible solutions, please read the following articles:
[ERROR] [Help 1] http://cwiki.apache.org/confluence/display/MAVEN/MojoExecutionException
